// Jest Snapshot v1, https://goo.gl/fbAQLP

exports[`Column renders as expected 1`] = `
<div
  className="colClassname"
  id="colId"
  style="colStyle"
>
  <div
    className="colChildren"
  />
</div>
`;
