// Jest Snapshot v1, https://goo.gl/fbAQLP

exports[`renders correctly 1`] = `
<main
  className="mt-0 ,b-0 mr-auto ml-auto flex max-w-lg w-11/12 min-h-screen flex-col items-center justify-between"
>
  <div
    className="z-10 w-full max-w-5xl items-center justify-between font-mono text-sm lg:flex"
  >
    <div
      className="fixed left-0 top-0 flex w-full justify-center border-b bg-gradient-to-b pb-6 pt-8 backdrop-blur-2xl border-neutral-800 bg-zinc-800/30 from-inherit"
    >
      <header
        className="fixed left-0 top-0 container mx-auto px-4 h-full"
      >
        <svg
          className="max-h-26 fixed left-0 top-0 pt-[6px] mx-auto px-4 h-full w-3/5 mr-0"
        >
          <g
            fill="#ffffff"
            id="SvgjsG1612"
            transform="translate(0 0) scale(1.0 1)"
          >
            <path
              d="M9.18 15.34 q0 1.02 -0.23 1.92 t-0.8 1.57 t-1.54 1.06 t-2.45 0.39 q-1.36 0 -2.34 -0.33 t-1.62 -0.77 l1.04 -2.42 q0.58 0.34 1.24 0.6 t1.44 0.26 q1.14 0 1.64 -0.56 t0.5 -1.88 l0 -9.04 l3.12 0 l0 9.2 z M15.96 17.62 q0.66 0 1.09 -0.11 t0.69 -0.3 t0.36 -0.45 t0.1 -0.58 q0 -0.68 -0.64 -1.13 t-2.2 -0.97 q-0.68 -0.24 -1.36 -0.55 t-1.22 -0.78 t-0.88 -1.14 t-0.34 -1.63 t0.36 -1.73 t1.02 -1.31 t1.6 -0.83 t2.12 -0.29 q1.4 0 2.42 0.3 t1.68 0.66 l-0.9 2.46 q-0.58 -0.3 -1.29 -0.53 t-1.71 -0.23 q-1.12 0 -1.61 0.31 t-0.49 0.95 q0 0.38 0.18 0.64 t0.51 0.47 t0.76 0.38 t0.95 0.35 q1.08 0.4 1.88 0.79 t1.33 0.91 t0.79 1.22 t0.26 1.7 q0 1.94 -1.36 3.01 t-4.1 1.07 q-0.92 0 -1.66 -0.11 t-1.31 -0.27 t-0.98 -0.34 t-0.69 -0.34 l0.88 -2.48 q0.62 0.34 1.53 0.61 t2.23 0.27 z M33.08 17.32 l0 2.68 l-9.26 0 l0 -13.86 l3.12 0 l0 11.18 l6.14 0 z M44.36 20 q-0.22 -0.72 -0.49 -1.48 t-0.53 -1.52 l-5.4 0 q-0.26 0.76 -0.53 1.52 t-0.49 1.48 l-3.24 0 q0.78 -2.24 1.48 -4.14 t1.37 -3.58 t1.32 -3.19 t1.35 -2.95 l2.98 0 q0.68 1.44 1.34 2.95 t1.33 3.19 t1.37 3.58 t1.48 4.14 l-3.34 0 z M40.62 9.28 q-0.1 0.3 -0.3 0.82 t-0.46 1.2 t-0.57 1.5 t-0.63 1.72 l3.94 0 q-0.32 -0.9 -0.62 -1.72 t-0.57 -1.5 t-0.47 -1.2 t-0.32 -0.82 z M54.12 20.18 q-1.14 0 -2.27 -0.07 t-2.35 -0.33 l0 -13.44 q0.96 -0.18 2.1 -0.27 t2.12 -0.09 q1.32 0 2.43 0.19 t1.91 0.65 t1.25 1.21 t0.45 1.85 q0 1.66 -1.6 2.62 q1.32 0.5 1.8 1.36 t0.48 1.94 q0 2.18 -1.59 3.28 t-4.73 1.1 z M52.54 13.96 l0 3.58 q0.34 0.04 0.74 0.06 t0.88 0.02 q1.4 0 2.26 -0.4 t0.86 -1.48 q0 -0.96 -0.72 -1.37 t-2.06 -0.41 l-1.96 0 z M52.54 11.58 l1.52 0 q1.44 0 2.06 -0.37 t0.62 -1.19 q0 -0.84 -0.64 -1.18 t-1.88 -0.34 q-0.4 0 -0.86 0.01 t-0.82 0.05 l0 3.02 z"
            />
          </g>
          <g
            fill="#ffffff"
            id="SvgjsG1614"
            transform="translate(0 25) scale(0.7 0.7)"
          >
            <path
              d="M6.1 16.64 c0 1.3008 -0.45664 2.2608 -1.37 2.88 c-0.71638 0.48568 -1.6164 0.71234 -2.7 0.68 c-0.44666 -0.01334 -0.84666 -0.07 -1.2 -0.17 s-0.59668 -0.20334 -0.73002 -0.31 l0 -1.54 c0.37142 0.31428 0.92142 0.51428 1.65 0.6 c0.77452 0.091114 1.4345 -0.015547 1.98 -0.32 c0.64666 -0.36094 0.97 -0.9676 0.97 -1.82 l0 -10.24 l1.4 0 l0 10.24 z M21.973799999999997 13.5852 c-2.774 -0.64318 -4.1606 -1.833 -4.1592 -3.5694 c0.0009375 -1.2772 0.44806 -2.2326 1.3414 -2.8658 s1.9433 -0.95 3.15 -0.95 c2.644 0 4.2146 0.98666 4.7116 2.96 l-1.5143 0 c-0.27142 -1.1733 -1.3372 -1.76 -3.1972 -1.76 c-1.3133 0 -2.2308 0.38954 -2.7526 1.1687 c-0.1982 0.28756 -0.29632 0.65396 -0.29438 1.0992 c-0.0036328 0.83254 0.44954 1.4776 1.3595 1.9351 c0.42812 0.2272 1.3347 0.5202 2.7198 0.87896 s2.39 0.75912 3.0146 1.2011 c0.8687 0.61138 1.304 1.4737 1.306 2.587 c-0.0019531 1.3667 -0.543 2.4006 -1.6232 3.1016 c-0.9065 0.59228 -2.027 0.88844 -3.3618 0.88844 c-3.012 0 -4.758 -1.1467 -5.238 -3.44 l1.6551 0 c0.2566 1.44 1.4513 2.16 3.584 2.16 c1.5206 0 2.5834 -0.42278 3.1882 -1.2683 c0.23506 -0.3278 0.3526 -0.77502 0.3526 -1.3417 s-0.21898 -1.0272 -0.65696 -1.3817 c-0.62872 -0.51292 -1.8238 -0.9806 -3.5852 -1.403 z M61.94799999999999 20 l-8.08 0 l0 -13.6 l8.08 0 l0 1.3 l-6.68 0 l0 4.84 l6.48 0 l0 1.32 l-6.48 0 l0 4.84 l6.68 0 l0 1.3 z M82.824 20 l-3.92 -5.8 l-3.92 5.8 l-1.72 0 l4.78 -6.78 l-4.8 -6.82 l1.74 0 l3.92 5.8 l3.92 -5.8 l1.72 0 l-4.78 6.8 l4.78 6.8 l-1.72 0 z M97.25999999999999 13.2546 l3.16 0 c0.7809 0 1.4276 -0.26334 1.94 -0.79 c0.52 -0.53444 0.78 -1.203 0.78 -2.0058 c0 -0.80278 -0.24666 -1.4575 -0.74 -1.9642 s-1.1533 -0.76 -1.98 -0.76 l-3.16 0 l0 5.52 z M104.53999999999999 10.4946 c0 1.1907 -0.42334 2.1808 -1.27 2.97 c-0.82242 0.76666 -1.8391 1.15 -3.05 1.15 l-2.96 0 l0 5.38 l-1.4 0 l0 -13.6 l4.36 0 c1.203 0 2.2196 0.38 3.05 1.14 c0.84666 0.7749 1.27 1.7616 1.27 2.96 z M123.91599999999998 20 l-8.08 0 l0 -13.6 l8.08 0 l0 1.3 l-6.68 0 l0 4.84 l6.48 0 l0 1.32 l-6.48 0 l0 4.84 l6.68 0 l0 1.3 z M137.712 13.280000000000001 l3.16 0 c0.78806 0 1.4347 -0.26666 1.94 -0.8 c0.52 -0.54888 0.78 -1.2194 0.78 -2.0116 s-0.24666 -1.445 -0.74 -1.9583 s-1.1533 -0.77 -1.98 -0.77 l-3.16 0 l0 5.54 z M144.992 10.5 c0 1.1907 -0.42334 2.1808 -1.27 2.97 c-0.74118 0.69092 -1.6401 1.0705 -2.6968 1.1388 l4.1868 5.3912 l-1.88 0 l-3.9874 -5.38 l-1.6327 0 l0 5.38 l-1.4 0 l0 -13.6 l4.36 0 c1.2109 0 2.2276 0.38334 3.05 1.15 c0.84666 0.78926 1.27 1.7726 1.27 2.95 z M157.988 20 l-1.4 0 l0 -13.6 l1.4 0 l0 13.6 z M182.92399999999998 20 l-2.12 -9.68 l-4.08 10.48 l-4.1 -10.48 l-2.1 9.68 l-1.44 0 l3.18 -14.5 l4.46 11.64 l4.46 -11.64 l3.16 14.5 l-1.42 0 z M203.52 20 l-8.08 0 l0 -13.6 l8.08 0 l0 1.3 l-6.68 0 l0 4.84 l6.48 0 l0 1.32 l-6.48 0 l0 4.84 l6.68 0 l0 1.3 z M217.316 9.98 l0 10.02 l-1.4 0 l0 -14.46 l7.64 10.86 l0 -10 l1.4 0 l0 14.44 z M236.252 7.66 l0 -1.3 l3.3 0 l1.4 0 l3.3 0 l0 1.3 l-3.3 0 l0 12.3 l-1.4 0 l0 -12.3 l-3.3 0 z M259.3258 13.5852 c-2.774 -0.64318 -4.1606 -1.833 -4.1592 -3.5694 c0.0009375 -1.2772 0.44806 -2.2326 1.3414 -2.8658 s1.9433 -0.95 3.15 -0.95 c2.644 0 4.2146 0.98666 4.7116 2.96 l-1.5143 0 c-0.27142 -1.1733 -1.3372 -1.76 -3.1972 -1.76 c-1.3133 0 -2.2308 0.38954 -2.7526 1.1687 c-0.1982 0.28756 -0.29632 0.65396 -0.29438 1.0992 c-0.0036328 0.83254 0.44954 1.4776 1.3595 1.9351 c0.42812 0.2272 1.3347 0.5202 2.7198 0.87896 s2.39 0.75912 3.0146 1.2011 c0.8687 0.61138 1.304 1.4737 1.306 2.587 c-0.0019531 1.3667 -0.543 2.4006 -1.6232 3.1016 c-0.9065 0.59228 -2.027 0.88844 -3.3618 0.88844 c-3.012 0 -4.758 -1.1467 -5.238 -3.44 l1.6551 0 c0.2566 1.44 1.4513 2.16 3.584 2.16 c1.5206 0 2.5834 -0.42278 3.1882 -1.2683 c0.23506 -0.3278 0.3526 -0.77502 0.3526 -1.3417 s-0.21898 -1.0272 -0.65696 -1.3817 c-0.62872 -0.51292 -1.8238 -0.9806 -3.5852 -1.403 z"
            />
          </g>
        </svg>
      </header>
    </div>
    <div
      className="fixed bottom-0 left-0 flex h-12 w-full items-end justify-center bg-gradient-to-t from-black via-black lg:static lg:size-auto lg:bg-none"
    >
      <div
        className="text-cyan-400 text-sm text-right pt-14 w-full"
      >
        <div
          className="text-xs text-center text-gray-700"
        >
          neuroflip - 2024
        </div>
      </div>
    </div>
  </div>
  <div
    className="w-full p-15 mt-20"
  >
    <canvas
      className="absolute top-20 -z-10"
      id="mainContainer--canvas"
    />
    <img
      alt="it's me!"
      className="w-15 rounded-full border-gray-800 border w-20 inline float-left mb-5 ml-5 mr-5"
      src="/yo.png"
    />
    <h1
      className="text-xl m-15 mt-15 mr-15 mb-0 ml-15"
    >
      José Ángel Anguita Rovira
    </h1>
    <h2
      className="text-xs"
    >
      Crafting webs since the 0x5A's
    </h2>
    <p
      className="text-right"
    >
      Barcelona
      <br />
      <b>
        #OpenToWork
      </b>
    </p>
  </div>
  <p
    className="flex-row flex-wrap flex"
  >
    <a
      className=""
      href="https://github.com/neuroflip/"
      onClick={[Function]}
      onMouseEnter={[Function]}
      onTouchStart={[Function]}
    >
      <img
        alt="Github Profile"
        className="m-5"
        src="/logoGithub.png"
      />
    </a>
    <a
      className=""
      href="https://www.linkedin.com/in/joseangelanguitarovira/"
      onClick={[Function]}
      onMouseEnter={[Function]}
      onTouchStart={[Function]}
    >
      <img
        alt="Linkedin Profile"
        className="m-5"
        src="/logoLinkedIn.png"
      />
    </a>
    <a
      className=""
      href="http://flatline.hopto.org/JoseAAnguitaCV.pdf"
      onClick={[Function]}
      onMouseEnter={[Function]}
      onTouchStart={[Function]}
    >
      <img
        alt="Download Curriculum Vitae"
        className="m-5"
        src="/cvLogo.png"
      />
    </a>
  </p>
  <div
    className="text-center text-cyan-400 text-sm mt-8 w-full mx-auto"
  >
    <a
      href="#introduction"
      onClick={[Function]}
      onMouseEnter={[Function]}
      onTouchStart={[Function]}
    >
      INTRODUCTION
    </a>
     - 
    <a
      href="#projects"
      onClick={[Function]}
      onMouseEnter={[Function]}
      onTouchStart={[Function]}
    >
      PROJECTS
    </a>
    - 
    <a
      href="#experiments"
      onClick={[Function]}
      onMouseEnter={[Function]}
      onTouchStart={[Function]}
    >
      EXPERIMENTS
    </a>
     - 
    <a
      href="#interests"
      onClick={[Function]}
      onMouseEnter={[Function]}
      onTouchStart={[Function]}
    >
      INTERESTS
    </a>
  </div>
  <div
    id="introduction"
  >
    <div
      className="text-cyan-400 text-sm text-right pt-14 w-full"
    >
      INTRODUCTION
    </div>
    <div
      className="justify-normal bg-slate-500 rounded-xl mb-6 p-6 mt-0"
    >
      <p>
        Social and friendly person interested in web sites since the late 90’s. Passionate about innovation in all that I do.
      </p>
    </div>
    <div
      className="justify-normal bg-slate-500 rounded-xl mb-6 p-6 mt-0"
    >
      <p
        className="mt-5"
      >
        Working with modern web applications since 2002, helping several bcn tech startups (MedHouses, Cybex, Layers, 
        <b>
          Marfeel
        </b>
        ) building awsome products and working with international and multidisciplinary teams.
      </p>
    </div>
  </div>
  <div
    id="projects"
  >
    <div
      className="text-cyan-400 text-sm text-right pt-14 w-full"
    >
      PROJECTS
    </div>
    <div
      className="relative"
    >
      <div
        className="justify-normal bg-slate-500 rounded-xl mb-6 bg-slate-800 p-0"
      >
        <div>
          <a
            href="https://crawlear.com"
            onClick={[Function]}
            onMouseEnter={[Function]}
            onTouchStart={[Function]}
          >
            <div
              className="w-full h-24 bg-no-repeat bg-cover rounded-t-xl"
              style={
                {
                  "backgroundImage": "url('/crawlearSite.png')",
                }
              }
            />
          </a>
          <div
            className="text-3xl text-center mt-5 mr-5 mb-0"
          >
            <a
              href="https://crawlear.com"
              onClick={[Function]}
              onMouseEnter={[Function]}
              onTouchStart={[Function]}
            >
              Crawlear.com
            </a>
          </div>
          <div
            className="p-5"
          >
            <a
              className=""
              href="https://github.com/crawlear-com/crawlear-com.github.io"
              onClick={[Function]}
              onMouseEnter={[Function]}
              onTouchStart={[Function]}
            >
              <img
                alt="github logo"
                className="float-left m-4"
                src="/logoGithub.png"
              />
            </a>
            Owner and main developer of 
            <a
              href="https://crawlear.com"
            >
              crawlear.com
            </a>
            , an online service for professionals and fans of Rock and Scale Rc Crawlers trying to bring new technology and solutions for the hobby.
            <div
              className="m-6 flew-row flex-wrap flex"
            >
              <div
                className="bg-slate-900 flex-auto rounded-xl text-sm p-3 m-1 inline-block text-center"
              >
                 
                React SPA
                 
              </div>
              <div
                className="bg-slate-900 flex-auto rounded-xl text-sm p-3 m-1 inline-block text-center"
              >
                 
                PWA caching
                 
              </div>
              <div
                className="bg-slate-900 flex-auto rounded-xl text-sm p-3 m-1 inline-block text-center"
              >
                 
                Offline features
                 
              </div>
              <div
                className="bg-slate-900 flex-auto rounded-xl text-sm p-3 m-1 inline-block text-center"
              >
                 
                Firebase
                 
              </div>
              <div
                className="bg-slate-900 flex-auto rounded-xl text-sm p-3 m-1 inline-block text-center"
              >
                 
                Google Signin
                 
              </div>
              <div
                className="bg-slate-900 flex-auto rounded-xl text-sm p-3 m-1 inline-block text-center"
              >
                 
                Multilanguge
                 
              </div>
              <div
                className="bg-slate-900 flex-auto rounded-xl text-sm p-3 m-1 inline-block text-center"
              >
                 
                Social features
                 
              </div>
              <div
                className="bg-slate-900 flex-auto rounded-xl text-sm p-3 m-1 inline-block text-center"
              >
                 
                leaflet
                 
              </div>
              <div
                className="bg-slate-900 flex-auto rounded-xl text-sm p-3 m-1 inline-block text-center"
              >
                 
                jest tests core features
                 
              </div>
              <div
                className="bg-slate-900 flex-auto rounded-xl text-sm p-3 m-1 inline-block text-center"
              >
                 
                Bluethooth web API
                 
              </div>
              <div
                className="bg-slate-900 flex-auto rounded-xl text-sm p-3 m-1 inline-block text-center"
              >
                 
                jest
                 
              </div>
              <div
                className="bg-slate-900 flex-auto rounded-xl text-sm p-3 m-1 inline-block text-center"
              >
                 
                integration tests
                 
              </div>
              <div
                className="bg-slate-900 flex-auto rounded-xl text-sm p-3 m-1 inline-block text-center"
              >
                 
                unit tests
                 
              </div>
            </div>
          </div>
        </div>
      </div>
    </div>
    <div
      className="relative"
    >
      <div
        className="justify-normal bg-slate-500 rounded-xl mb-6 bg-slate-800 p-0"
      >
        <div>
          <a
            href="http://flatline.hopto.org/3dEngine/"
            onClick={[Function]}
            onMouseEnter={[Function]}
            onTouchStart={[Function]}
          >
            <div
              className="w-full h-24 bg-no-repeat bg-cover rounded-t-xl"
              style={
                {
                  "backgroundImage": "url('/projectObsolete.png')",
                }
              }
            />
          </a>
          <div
            className="text-3xl text-center mt-5 mr-5 mb-0"
          >
            <a
              href="http://flatline.hopto.org/3dEngine/"
              onClick={[Function]}
              onMouseEnter={[Function]}
              onTouchStart={[Function]}
            >
              Obsolete Engine
            </a>
          </div>
          <div
            className="p-5"
          >
            <a
              className=""
              href="https://github.com/neuroflip/ObsoleteEngine/"
              onClick={[Function]}
              onMouseEnter={[Function]}
              onTouchStart={[Function]}
            >
              <img
                alt="github logo"
                className="float-left m-4"
                src="/logoGithub.png"
              />
            </a>
            3D wireframe basic engine. It can use objects from Blender or other 3D edition program using RAW format.
          </div>
          <div
            className="p-5"
          >
            <b>
              ** Check the top of the page. The rotating wireframe sphere is done in realtime with the 3dEngine
            </b>
            <div
              className="m-6  flew-row flex-wrap flex"
            >
              <div
                className="bg-slate-900 flex-auto rounded-xl text-sm p-3 m-1 inline-block text-center"
              >
                 
                Vanilla Javascript
                 
              </div>
              <div
                className="bg-slate-900 flex-auto rounded-xl text-sm p-3 m-1 inline-block text-center"
              >
                 
                Canvas 2D
                 
              </div>
              <div
                className="bg-slate-900 flex-auto rounded-xl text-sm p-3 m-1 inline-block text-center"
              >
                 
                3d animation
                 
              </div>
              <div
                className="bg-slate-900 flex-auto rounded-xl text-sm p-3 m-1 inline-block text-center"
              >
                 
                blender import scripts
                 
              </div>
            </div>
          </div>
        </div>
      </div>
    </div>
    <div
      className="relative"
    >
      <div
        className="justify-normal bg-slate-500 rounded-xl mb-6 bg-slate-800 p-0"
      >
        <div>
          <a
            href="http://flatline.hopto.org"
            onClick={[Function]}
            onMouseEnter={[Function]}
            onTouchStart={[Function]}
          >
            <div
              className="w-full h-24 bg-no-repeat bg-cover rounded-t-xl"
              style={
                {
                  "backgroundImage": "url('/projectPortfolio.png')",
                }
              }
            />
          </a>
          <div
            className="text-3xl text-center mt-5 mr-5 mb-0"
          >
            <a
              href="http://flatline.hopto.org"
              onClick={[Function]}
              onMouseEnter={[Function]}
              onTouchStart={[Function]}
            >
              JSLab And Experiments
            </a>
          </div>
          <div
            className="p-5"
          >
            <a
              className=""
              href="https://github.com/neuroflip/flatline-website"
              onClick={[Function]}
              onMouseEnter={[Function]}
              onTouchStart={[Function]}
            >
              <img
                alt="github logo"
                className="float-left m-4"
                src="/logoGithub.png"
              />
            </a>
            This site. Personal portfolio of some projects and experiments during the last years.
            <div
              className="m-6 flew-row flex-wrap flex"
            >
              <div
                className="bg-slate-900 flex-auto rounded-xl text-sm p-3 m-1 inline-block text-center"
              >
                 
                React
                 
              </div>
              <div
                className="bg-slate-900 flex-auto rounded-xl text-sm p-3 m-1 inline-block text-center"
              >
                 
                Nextjs
                 
              </div>
              <div
                className="bg-slate-900 flex-auto rounded-xl text-sm p-3 m-1 inline-block text-center"
              >
                 
                tailwind css
                 
              </div>
              <div
                className="bg-slate-900 flex-auto rounded-xl text-sm p-3 m-1 inline-block text-center"
              >
                 
                server components
                 
              </div>
              <div
                className="bg-slate-900 flex-auto rounded-xl text-sm p-3 m-1 inline-block text-center"
              >
                 
                client components
                 
              </div>
              <div
                className="bg-slate-900 flex-auto rounded-xl text-sm p-3 m-1 inline-block text-center"
              >
                 
                Intersection Observer
                 
              </div>
              <div
                className="bg-slate-900 flex-auto rounded-xl text-sm p-3 m-1 inline-block text-center"
              >
                 
                jest
                 
              </div>
              <div
                className="bg-slate-900 flex-auto rounded-xl text-sm p-3 m-1 inline-block text-center"
              >
                 
                integration tests
                 
              </div>
              <div
                className="bg-slate-900 flex-auto rounded-xl text-sm p-3 m-1 inline-block text-center"
              >
                 
                unit tests
                 
              </div>
            </div>
          </div>
        </div>
      </div>
    </div>
    <div
      className="relative"
    >
      <div
        className="justify-normal bg-slate-500 rounded-xl mb-6 bg-slate-800 p-0"
      >
        <div>
          <a
            href="http://ahxmidiplayer.hopto.org/"
            onClick={[Function]}
            onMouseEnter={[Function]}
            onTouchStart={[Function]}
          >
            <div
              className="w-full h-24 bg-no-repeat bg-cover rounded-t-xl"
              style={
                {
                  "backgroundImage": "url('/projectAHX.png')",
                }
              }
            />
          </a>
          <div
            className="text-3xl text-center mt-5 mr-5 mb-0"
          >
            <a
              href="http://ahxmidiplayer.hopto.org/"
              onClick={[Function]}
              onMouseEnter={[Function]}
              onTouchStart={[Function]}
            >
              AHX Midi Player
            </a>
          </div>
          <div
            className="p-5"
          >
            <a
              className=""
              href="https://github.com/neuroflip/AhxMidiPlayer"
              onClick={[Function]}
              onMouseEnter={[Function]}
              onTouchStart={[Function]}
            >
              <img
                alt="github logo"
                className="float-left m-4"
                src="/logoGithub.png"
              />
            </a>
            AMP is a try to get some MIDI features using the AHX engine sounds at Commodore Amiga Range of computers. You can assign midi channels to ahx instruments, bang notes using NOTE ON midi messages or edit ahx instrument parameters like the ADSR curve using CC midi commands.
            <div
              className="m-6  flew-row flex-wrap flex"
            >
              <div
                className="bg-slate-900 flex-auto rounded-xl text-sm p-3 m-1 inline-block text-center"
              >
                 
                HTML
                 
              </div>
              <div
                className="bg-slate-900 flex-auto rounded-xl text-sm p-3 m-1 inline-block text-center"
              >
                 
                Google Analitics
                 
              </div>
            </div>
          </div>
        </div>
      </div>
    </div>
  </div>
  <div
    id="projects"
  >
    <div
      className="text-cyan-400 text-sm text-right pt-14 w-full"
    >
      PROJECTS
    </div>
    <div
      className="relative"
    >
      <div
        className="justify-normal bg-slate-500 rounded-xl mb-6 bg-slate-800 p-0"
      >
        <div>
          <a
            href="https://crawlear.com"
            onClick={[Function]}
            onMouseEnter={[Function]}
            onTouchStart={[Function]}
          >
            <div
              className="w-full h-24 bg-no-repeat bg-cover rounded-t-xl"
              style={
                {
                  "backgroundImage": "url('/crawlearSite.png')",
                }
              }
            />
          </a>
          <div
            className="text-3xl text-center mt-5 mr-5 mb-0"
          >
            <a
              href="https://crawlear.com"
              onClick={[Function]}
              onMouseEnter={[Function]}
              onTouchStart={[Function]}
            >
              Crawlear.com
            </a>
          </div>
          <div
            className="p-5"
          >
            <a
              className=""
              href="https://github.com/crawlear-com/crawlear-com.github.io"
              onClick={[Function]}
              onMouseEnter={[Function]}
              onTouchStart={[Function]}
            >
              <img
                alt="github logo"
                className="float-left m-4"
                src="/logoGithub.png"
              />
            </a>
            Owner and main developer of 
            <a
              href="https://crawlear.com"
            >
              crawlear.com
            </a>
            , an online service for professionals and fans of Rock and Scale Rc Crawlers trying to bring new technology and solutions for the hobby.
            <div
              className="m-6 flew-row flex-wrap flex"
            >
              <div
                className="bg-slate-900 flex-auto rounded-xl text-sm p-3 m-1 inline-block text-center"
              >
                 
                React SPA
                 
              </div>
              <div
                className="bg-slate-900 flex-auto rounded-xl text-sm p-3 m-1 inline-block text-center"
              >
                 
                PWA caching
                 
              </div>
              <div
                className="bg-slate-900 flex-auto rounded-xl text-sm p-3 m-1 inline-block text-center"
              >
                 
                Offline features
                 
              </div>
              <div
                className="bg-slate-900 flex-auto rounded-xl text-sm p-3 m-1 inline-block text-center"
              >
                 
                Firebase
                 
              </div>
              <div
                className="bg-slate-900 flex-auto rounded-xl text-sm p-3 m-1 inline-block text-center"
              >
                 
                Google Signin
                 
              </div>
              <div
                className="bg-slate-900 flex-auto rounded-xl text-sm p-3 m-1 inline-block text-center"
              >
                 
                Multilanguge
                 
              </div>
              <div
                className="bg-slate-900 flex-auto rounded-xl text-sm p-3 m-1 inline-block text-center"
              >
                 
                Social features
                 
              </div>
              <div
                className="bg-slate-900 flex-auto rounded-xl text-sm p-3 m-1 inline-block text-center"
              >
                 
                leaflet
                 
              </div>
              <div
                className="bg-slate-900 flex-auto rounded-xl text-sm p-3 m-1 inline-block text-center"
              >
                 
                jest tests core features
                 
              </div>
              <div
                className="bg-slate-900 flex-auto rounded-xl text-sm p-3 m-1 inline-block text-center"
              >
                 
                Bluethooth web API
                 
              </div>
              <div
                className="bg-slate-900 flex-auto rounded-xl text-sm p-3 m-1 inline-block text-center"
              >
                 
                jest
                 
              </div>
              <div
                className="bg-slate-900 flex-auto rounded-xl text-sm p-3 m-1 inline-block text-center"
              >
                 
                integration tests
                 
              </div>
              <div
                className="bg-slate-900 flex-auto rounded-xl text-sm p-3 m-1 inline-block text-center"
              >
                 
                unit tests
                 
              </div>
            </div>
          </div>
        </div>
      </div>
    </div>
    <div
      className="relative"
    >
      <div
        className="justify-normal bg-slate-500 rounded-xl mb-6 bg-slate-800 p-0"
      >
        <div>
          <a
            href="http://flatline.hopto.org/3dEngine/"
            onClick={[Function]}
            onMouseEnter={[Function]}
            onTouchStart={[Function]}
          >
            <div
              className="w-full h-24 bg-no-repeat bg-cover rounded-t-xl"
              style={
                {
                  "backgroundImage": "url('/projectObsolete.png')",
                }
              }
            />
          </a>
          <div
            className="text-3xl text-center mt-5 mr-5 mb-0"
          >
            <a
              href="http://flatline.hopto.org/3dEngine/"
              onClick={[Function]}
              onMouseEnter={[Function]}
              onTouchStart={[Function]}
            >
              Obsolete Engine
            </a>
          </div>
          <div
            className="p-5"
          >
            <a
              className=""
              href="https://github.com/neuroflip/ObsoleteEngine/"
              onClick={[Function]}
              onMouseEnter={[Function]}
              onTouchStart={[Function]}
            >
              <img
                alt="github logo"
                className="float-left m-4"
                src="/logoGithub.png"
              />
            </a>
            3D wireframe basic engine. It can use objects from Blender or other 3D edition program using RAW format.
          </div>
          <div
            className="p-5"
          >
            <b>
              ** Check the top of the page. The rotating wireframe sphere is done in realtime with the 3dEngine
            </b>
            <div
              className="m-6  flew-row flex-wrap flex"
            >
              <div
                className="bg-slate-900 flex-auto rounded-xl text-sm p-3 m-1 inline-block text-center"
              >
                 
                Vanilla Javascript
                 
              </div>
              <div
                className="bg-slate-900 flex-auto rounded-xl text-sm p-3 m-1 inline-block text-center"
              >
                 
                Canvas 2D
                 
              </div>
              <div
                className="bg-slate-900 flex-auto rounded-xl text-sm p-3 m-1 inline-block text-center"
              >
                 
                3d animation
                 
              </div>
              <div
                className="bg-slate-900 flex-auto rounded-xl text-sm p-3 m-1 inline-block text-center"
              >
                 
                blender import scripts
                 
              </div>
            </div>
          </div>
        </div>
      </div>
    </div>
    <div
      className="relative"
    >
      <div
        className="justify-normal bg-slate-500 rounded-xl mb-6 bg-slate-800 p-0"
      >
        <div>
          <a
            href="http://flatline.hopto.org"
            onClick={[Function]}
            onMouseEnter={[Function]}
            onTouchStart={[Function]}
          >
            <div
              className="w-full h-24 bg-no-repeat bg-cover rounded-t-xl"
              style={
                {
                  "backgroundImage": "url('/projectPortfolio.png')",
                }
              }
            />
          </a>
          <div
            className="text-3xl text-center mt-5 mr-5 mb-0"
          >
            <a
              href="http://flatline.hopto.org"
              onClick={[Function]}
              onMouseEnter={[Function]}
              onTouchStart={[Function]}
            >
              JSLab And Experiments
            </a>
          </div>
          <div
            className="p-5"
          >
            <a
              className=""
              href="https://github.com/neuroflip/flatline-website"
              onClick={[Function]}
              onMouseEnter={[Function]}
              onTouchStart={[Function]}
            >
              <img
                alt="github logo"
                className="float-left m-4"
                src="/logoGithub.png"
              />
            </a>
            This site. Personal portfolio of some projects and experiments during the last years.
            <div
              className="m-6 flew-row flex-wrap flex"
            >
              <div
                className="bg-slate-900 flex-auto rounded-xl text-sm p-3 m-1 inline-block text-center"
              >
                 
                React
                 
              </div>
              <div
                className="bg-slate-900 flex-auto rounded-xl text-sm p-3 m-1 inline-block text-center"
              >
                 
                Nextjs
                 
              </div>
              <div
                className="bg-slate-900 flex-auto rounded-xl text-sm p-3 m-1 inline-block text-center"
              >
                 
                tailwind css
                 
              </div>
              <div
                className="bg-slate-900 flex-auto rounded-xl text-sm p-3 m-1 inline-block text-center"
              >
                 
                server components
                 
              </div>
              <div
                className="bg-slate-900 flex-auto rounded-xl text-sm p-3 m-1 inline-block text-center"
              >
                 
                client components
                 
              </div>
              <div
                className="bg-slate-900 flex-auto rounded-xl text-sm p-3 m-1 inline-block text-center"
              >
                 
                Intersection Observer
                 
              </div>
              <div
                className="bg-slate-900 flex-auto rounded-xl text-sm p-3 m-1 inline-block text-center"
              >
                 
                jest
                 
              </div>
              <div
                className="bg-slate-900 flex-auto rounded-xl text-sm p-3 m-1 inline-block text-center"
              >
                 
                integration tests
                 
              </div>
              <div
                className="bg-slate-900 flex-auto rounded-xl text-sm p-3 m-1 inline-block text-center"
              >
                 
                unit tests
                 
              </div>
            </div>
          </div>
        </div>
      </div>
    </div>
    <div
      className="relative"
    >
      <div
        className="justify-normal bg-slate-500 rounded-xl mb-6 bg-slate-800 p-0"
      >
        <div>
          <a
            href="http://ahxmidiplayer.hopto.org/"
            onClick={[Function]}
            onMouseEnter={[Function]}
            onTouchStart={[Function]}
          >
            <div
              className="w-full h-24 bg-no-repeat bg-cover rounded-t-xl"
              style={
                {
                  "backgroundImage": "url('/projectAHX.png')",
                }
              }
            />
          </a>
          <div
            className="text-3xl text-center mt-5 mr-5 mb-0"
          >
            <a
              href="http://ahxmidiplayer.hopto.org/"
              onClick={[Function]}
              onMouseEnter={[Function]}
              onTouchStart={[Function]}
            >
              AHX Midi Player
            </a>
          </div>
          <div
            className="p-5"
          >
            <a
              className=""
              href="https://github.com/neuroflip/AhxMidiPlayer"
              onClick={[Function]}
              onMouseEnter={[Function]}
              onTouchStart={[Function]}
            >
              <img
                alt="github logo"
                className="float-left m-4"
                src="/logoGithub.png"
              />
            </a>
            AMP is a try to get some MIDI features using the AHX engine sounds at Commodore Amiga Range of computers. You can assign midi channels to ahx instruments, bang notes using NOTE ON midi messages or edit ahx instrument parameters like the ADSR curve using CC midi commands.
            <div
              className="m-6  flew-row flex-wrap flex"
            >
              <div
                className="bg-slate-900 flex-auto rounded-xl text-sm p-3 m-1 inline-block text-center"
              >
                 
                HTML
                 
              </div>
              <div
                className="bg-slate-900 flex-auto rounded-xl text-sm p-3 m-1 inline-block text-center"
              >
                 
                Google Analitics
                 
              </div>
            </div>
          </div>
        </div>
      </div>
    </div>
  </div>
</main>
`;
